<?xml version="1.0"?>
<link_info>
   <banner>TI ARM Linker PC v16.9.4.LTS</banner>
   <copyright>Copyright (c) 1996-2017 Texas Instruments Incorporated</copyright>
   <link_time>0x64f32072</link_time>
   <link_errors>0x0</link_errors>
   <output_file>CAR_PROJECT.out</output_file>
   <entry_point>
      <name>_c_int00</name>
      <address>0x3981</address>
   </entry_point>
   <input_file_list>
      <input_file id="fl-2">
         <path>.\</path>
         <kind>object</kind>
         <file>tm4c123gh6pm_startup_ccs.obj</file>
         <name>tm4c123gh6pm_startup_ccs.obj</name>
      </input_file>
      <input_file id="fl-3">
         <path>.\APP\</path>
         <kind>object</kind>
         <file>app.obj</file>
         <name>app.obj</name>
      </input_file>
      <input_file id="fl-4">
         <path>.\APP\</path>
         <kind>object</kind>
         <file>main.obj</file>
         <name>main.obj</name>
      </input_file>
      <input_file id="fl-5">
         <path>.\APP\</path>
         <kind>object</kind>
         <file>robot.obj</file>
         <name>robot.obj</name>
      </input_file>
      <input_file id="fl-6">
         <path>.\HAL\LDR\</path>
         <kind>object</kind>
         <file>LDR_program.obj</file>
         <name>LDR_program.obj</name>
      </input_file>
      <input_file id="fl-7">
         <path>.\HAL\MOTOR\</path>
         <kind>object</kind>
         <file>motor.obj</file>
         <name>motor.obj</name>
      </input_file>
      <input_file id="fl-8">
         <path>.\HAL\ULTRASONIC\</path>
         <kind>object</kind>
         <file>ultrasonic_sensor.obj</file>
         <name>ultrasonic_sensor.obj</name>
      </input_file>
      <input_file id="fl-9">
         <path>.\driverlib\</path>
         <kind>object</kind>
         <file>adc.obj</file>
         <name>adc.obj</name>
      </input_file>
      <input_file id="fl-a">
         <path>.\driverlib\</path>
         <kind>object</kind>
         <file>aes.obj</file>
         <name>aes.obj</name>
      </input_file>
      <input_file id="fl-b">
         <path>.\driverlib\</path>
         <kind>object</kind>
         <file>can.obj</file>
         <name>can.obj</name>
      </input_file>
      <input_file id="fl-c">
         <path>.\driverlib\</path>
         <kind>object</kind>
         <file>comp.obj</file>
         <name>comp.obj</name>
      </input_file>
      <input_file id="fl-d">
         <path>.\driverlib\</path>
         <kind>object</kind>
         <file>cpu.obj</file>
         <name>cpu.obj</name>
      </input_file>
      <input_file id="fl-e">
         <path>.\driverlib\</path>
         <kind>object</kind>
         <file>crc.obj</file>
         <name>crc.obj</name>
      </input_file>
      <input_file id="fl-f">
         <path>.\driverlib\</path>
         <kind>object</kind>
         <file>des.obj</file>
         <name>des.obj</name>
      </input_file>
      <input_file id="fl-10">
         <path>.\driverlib\</path>
         <kind>object</kind>
         <file>eeprom.obj</file>
         <name>eeprom.obj</name>
      </input_file>
      <input_file id="fl-11">
         <path>.\driverlib\</path>
         <kind>object</kind>
         <file>emac.obj</file>
         <name>emac.obj</name>
      </input_file>
      <input_file id="fl-12">
         <path>.\driverlib\</path>
         <kind>object</kind>
         <file>epi.obj</file>
         <name>epi.obj</name>
      </input_file>
      <input_file id="fl-13">
         <path>.\driverlib\</path>
         <kind>object</kind>
         <file>epi_workaround_ccs.obj</file>
         <name>epi_workaround_ccs.obj</name>
      </input_file>
      <input_file id="fl-14">
         <path>.\driverlib\</path>
         <kind>object</kind>
         <file>flash.obj</file>
         <name>flash.obj</name>
      </input_file>
      <input_file id="fl-15">
         <path>.\driverlib\</path>
         <kind>object</kind>
         <file>fpu.obj</file>
         <name>fpu.obj</name>
      </input_file>
      <input_file id="fl-16">
         <path>.\driverlib\</path>
         <kind>object</kind>
         <file>gpio.obj</file>
         <name>gpio.obj</name>
      </input_file>
      <input_file id="fl-17">
         <path>.\driverlib\</path>
         <kind>object</kind>
         <file>hibernate.obj</file>
         <name>hibernate.obj</name>
      </input_file>
      <input_file id="fl-18">
         <path>.\driverlib\</path>
         <kind>object</kind>
         <file>i2c.obj</file>
         <name>i2c.obj</name>
      </input_file>
      <input_file id="fl-19">
         <path>.\driverlib\</path>
         <kind>object</kind>
         <file>interrupt.obj</file>
         <name>interrupt.obj</name>
      </input_file>
      <input_file id="fl-1a">
         <path>.\driverlib\</path>
         <kind>object</kind>
         <file>lcd.obj</file>
         <name>lcd.obj</name>
      </input_file>
      <input_file id="fl-1b">
         <path>.\driverlib\</path>
         <kind>object</kind>
         <file>mpu.obj</file>
         <name>mpu.obj</name>
      </input_file>
      <input_file id="fl-1c">
         <path>.\driverlib\</path>
         <kind>object</kind>
         <file>onewire.obj</file>
         <name>onewire.obj</name>
      </input_file>
      <input_file id="fl-1d">
         <path>.\driverlib\</path>
         <kind>object</kind>
         <file>pwm.obj</file>
         <name>pwm.obj</name>
      </input_file>
      <input_file id="fl-1e">
         <path>.\driverlib\</path>
         <kind>object</kind>
         <file>qei.obj</file>
         <name>qei.obj</name>
      </input_file>
      <input_file id="fl-1f">
         <path>.\driverlib\</path>
         <kind>object</kind>
         <file>shamd5.obj</file>
         <name>shamd5.obj</name>
      </input_file>
      <input_file id="fl-20">
         <path>.\driverlib\</path>
         <kind>object</kind>
         <file>ssi.obj</file>
         <name>ssi.obj</name>
      </input_file>
      <input_file id="fl-21">
         <path>.\driverlib\</path>
         <kind>object</kind>
         <file>sw_crc.obj</file>
         <name>sw_crc.obj</name>
      </input_file>
      <input_file id="fl-22">
         <path>.\driverlib\</path>
         <kind>object</kind>
         <file>sysctl.obj</file>
         <name>sysctl.obj</name>
      </input_file>
      <input_file id="fl-23">
         <path>.\driverlib\</path>
         <kind>object</kind>
         <file>sysexc.obj</file>
         <name>sysexc.obj</name>
      </input_file>
      <input_file id="fl-24">
         <path>.\driverlib\</path>
         <kind>object</kind>
         <file>systick.obj</file>
         <name>systick.obj</name>
      </input_file>
      <input_file id="fl-25">
         <path>.\driverlib\</path>
         <kind>object</kind>
         <file>timer.obj</file>
         <name>timer.obj</name>
      </input_file>
      <input_file id="fl-26">
         <path>.\driverlib\</path>
         <kind>object</kind>
         <file>uart.obj</file>
         <name>uart.obj</name>
      </input_file>
      <input_file id="fl-27">
         <path>.\driverlib\</path>
         <kind>object</kind>
         <file>udma.obj</file>
         <name>udma.obj</name>
      </input_file>
      <input_file id="fl-28">
         <path>.\driverlib\</path>
         <kind>object</kind>
         <file>usb.obj</file>
         <name>usb.obj</name>
      </input_file>
      <input_file id="fl-29">
         <path>.\driverlib\</path>
         <kind>object</kind>
         <file>watchdog.obj</file>
         <name>watchdog.obj</name>
      </input_file>
      <input_file id="fl-31">
         <kind>object</kind>
         <file>&lt;internal&gt;</file>
         <name>&lt;internal&gt;</name>
      </input_file>
      <input_file id="fl-e7">
         <path>C:\ti\ccsv7\tools\compiler\ti-cgt-arm_16.9.4.LTS\lib\</path>
         <kind>archive</kind>
         <file>rtsv7M4_T_le_v4SPD16_eabi.lib</file>
         <name>boot.obj</name>
      </input_file>
      <input_file id="fl-e8">
         <path>C:\ti\ccsv7\tools\compiler\ti-cgt-arm_16.9.4.LTS\lib\</path>
         <kind>archive</kind>
         <file>rtsv7M4_T_le_v4SPD16_eabi.lib</file>
         <name>copy_decompress_lzss.obj</name>
      </input_file>
      <input_file id="fl-e9">
         <path>C:\ti\ccsv7\tools\compiler\ti-cgt-arm_16.9.4.LTS\lib\</path>
         <kind>archive</kind>
         <file>rtsv7M4_T_le_v4SPD16_eabi.lib</file>
         <name>copy_decompress_none.obj</name>
      </input_file>
      <input_file id="fl-ea">
         <path>C:\ti\ccsv7\tools\compiler\ti-cgt-arm_16.9.4.LTS\lib\</path>
         <kind>archive</kind>
         <file>rtsv7M4_T_le_v4SPD16_eabi.lib</file>
         <name>copy_zero_init.obj</name>
      </input_file>
      <input_file id="fl-eb">
         <path>C:\ti\ccsv7\tools\compiler\ti-cgt-arm_16.9.4.LTS\lib\</path>
         <kind>archive</kind>
         <file>rtsv7M4_T_le_v4SPD16_eabi.lib</file>
         <name>exit.obj</name>
      </input_file>
      <input_file id="fl-ec">
         <path>C:\ti\ccsv7\tools\compiler\ti-cgt-arm_16.9.4.LTS\lib\</path>
         <kind>archive</kind>
         <file>rtsv7M4_T_le_v4SPD16_eabi.lib</file>
         <name>fd_div_t2.obj</name>
      </input_file>
      <input_file id="fl-ed">
         <path>C:\ti\ccsv7\tools\compiler\ti-cgt-arm_16.9.4.LTS\lib\</path>
         <kind>archive</kind>
         <file>rtsv7M4_T_le_v4SPD16_eabi.lib</file>
         <name>fd_mul_t2.obj</name>
      </input_file>
      <input_file id="fl-ee">
         <path>C:\ti\ccsv7\tools\compiler\ti-cgt-arm_16.9.4.LTS\lib\</path>
         <kind>archive</kind>
         <file>rtsv7M4_T_le_v4SPD16_eabi.lib</file>
         <name>fd_tou_t2.obj</name>
      </input_file>
      <input_file id="fl-ef">
         <path>C:\ti\ccsv7\tools\compiler\ti-cgt-arm_16.9.4.LTS\lib\</path>
         <kind>archive</kind>
         <file>rtsv7M4_T_le_v4SPD16_eabi.lib</file>
         <name>memcpy_t2.obj</name>
      </input_file>
      <input_file id="fl-f0">
         <path>C:\ti\ccsv7\tools\compiler\ti-cgt-arm_16.9.4.LTS\lib\</path>
         <kind>archive</kind>
         <file>rtsv7M4_T_le_v4SPD16_eabi.lib</file>
         <name>memset_t2.obj</name>
      </input_file>
      <input_file id="fl-f1">
         <path>C:\ti\ccsv7\tools\compiler\ti-cgt-arm_16.9.4.LTS\lib\</path>
         <kind>archive</kind>
         <file>rtsv7M4_T_le_v4SPD16_eabi.lib</file>
         <name>mpu_init.obj</name>
      </input_file>
      <input_file id="fl-f2">
         <path>C:\ti\ccsv7\tools\compiler\ti-cgt-arm_16.9.4.LTS\lib\</path>
         <kind>archive</kind>
         <file>rtsv7M4_T_le_v4SPD16_eabi.lib</file>
         <name>pre_init.obj</name>
      </input_file>
      <input_file id="fl-f3">
         <path>C:\ti\ccsv7\tools\compiler\ti-cgt-arm_16.9.4.LTS\lib\</path>
         <kind>archive</kind>
         <file>rtsv7M4_T_le_v4SPD16_eabi.lib</file>
         <name>stkdepth_vars.obj</name>
      </input_file>
      <input_file id="fl-f4">
         <path>C:\ti\ccsv7\tools\compiler\ti-cgt-arm_16.9.4.LTS\lib\</path>
         <kind>archive</kind>
         <file>rtsv7M4_T_le_v4SPD16_eabi.lib</file>
         <name>u_tofd_t2.obj</name>
      </input_file>
      <input_file id="fl-f5">
         <path>C:\ti\ccsv7\tools\compiler\ti-cgt-arm_16.9.4.LTS\lib\</path>
         <kind>archive</kind>
         <file>rtsv7M4_T_le_v4SPD16_eabi.lib</file>
         <name>_lock.obj</name>
      </input_file>
      <input_file id="fl-f6">
         <path>C:\ti\ccsv7\tools\compiler\ti-cgt-arm_16.9.4.LTS\lib\</path>
         <kind>archive</kind>
         <file>rtsv7M4_T_le_v4SPD16_eabi.lib</file>
         <name>args_main.obj</name>
      </input_file>
      <input_file id="fl-f7">
         <path>C:\ti\ccsv7\tools\compiler\ti-cgt-arm_16.9.4.LTS\lib\</path>
         <kind>archive</kind>
         <file>rtsv7M4_T_le_v4SPD16_eabi.lib</file>
         <name>autoinit.obj</name>
      </input_file>
      <input_file id="fl-f8">
         <path>C:\ti\ccsv7\tools\compiler\ti-cgt-arm_16.9.4.LTS\lib\</path>
         <kind>archive</kind>
         <file>rtsv7M4_T_le_v4SPD16_eabi.lib</file>
         <name>cpy_tbl.obj</name>
      </input_file>
      <input_file id="fl-f9">
         <path>C:\ti\ccsv7\tools\compiler\ti-cgt-arm_16.9.4.LTS\lib\</path>
         <kind>archive</kind>
         <file>rtsv7M4_T_le_v4SPD16_eabi.lib</file>
         <name>startup.obj</name>
      </input_file>
   </input_file_list>
   <object_component_list>
      <object_component id="oc-f">
         <name>.intvecs</name>
         <load_address>0x0</load_address>
         <run_address>0x0</run_address>
         <size>0x26c</size>
         <input_file_ref idref="fl-2"/>
      </object_component>
      <object_component id="oc-15c">
         <name>.text</name>
         <load_address>0x26c</load_address>
         <run_address>0x26c</run_address>
         <size>0xf88</size>
         <input_file_ref idref="fl-22"/>
      </object_component>
      <object_component id="oc-86">
         <name>.text</name>
         <load_address>0x11f4</load_address>
         <run_address>0x11f4</run_address>
         <size>0xc20</size>
         <input_file_ref idref="fl-16"/>
      </object_component>
      <object_component id="oc-80">
         <name>.text</name>
         <load_address>0x1e14</load_address>
         <run_address>0x1e14</run_address>
         <size>0x840</size>
         <input_file_ref idref="fl-9"/>
      </object_component>
      <object_component id="oc-19e">
         <name>.text</name>
         <load_address>0x2654</load_address>
         <run_address>0x2654</run_address>
         <size>0x656</size>
         <input_file_ref idref="fl-25"/>
      </object_component>
      <object_component id="oc-5d">
         <name>.text</name>
         <load_address>0x2caa</load_address>
         <run_address>0x2caa</run_address>
         <size>0x2</size>
         <input_file_ref idref="fl-f1"/>
      </object_component>
      <object_component id="oc-d1">
         <name>.text</name>
         <load_address>0x2cac</load_address>
         <run_address>0x2cac</run_address>
         <size>0x3c0</size>
         <input_file_ref idref="fl-19"/>
      </object_component>
      <object_component id="oc-1ba">
         <name>.text</name>
         <load_address>0x306c</load_address>
         <run_address>0x306c</run_address>
         <size>0x168</size>
         <input_file_ref idref="fl-7"/>
      </object_component>
      <object_component id="oc-1ae">
         <name>.text</name>
         <load_address>0x31d4</load_address>
         <run_address>0x31d4</run_address>
         <size>0x136</size>
         <input_file_ref idref="fl-ec"/>
      </object_component>
      <object_component id="oc-b6">
         <name>.text</name>
         <load_address>0x330a</load_address>
         <run_address>0x330a</run_address>
         <size>0x2</size>
         <input_file_ref idref="fl-f9"/>
      </object_component>
      <object_component id="oc-162">
         <name>.text</name>
         <load_address>0x330c</load_address>
         <run_address>0x330c</run_address>
         <size>0x128</size>
         <input_file_ref idref="fl-8"/>
      </object_component>
      <object_component id="oc-109">
         <name>.text</name>
         <load_address>0x3434</load_address>
         <run_address>0x3434</run_address>
         <size>0x10c</size>
         <input_file_ref idref="fl-3"/>
      </object_component>
      <object_component id="oc-1a9">
         <name>.text</name>
         <load_address>0x3540</load_address>
         <run_address>0x3540</run_address>
         <size>0xfc</size>
         <input_file_ref idref="fl-ed"/>
      </object_component>
      <object_component id="oc-31">
         <name>.text</name>
         <load_address>0x363c</load_address>
         <run_address>0x363c</run_address>
         <size>0xbc</size>
         <input_file_ref idref="fl-6"/>
      </object_component>
      <object_component id="oc-45">
         <name>.text</name>
         <load_address>0x36f8</load_address>
         <run_address>0x36f8</run_address>
         <size>0x9c</size>
         <input_file_ref idref="fl-ef"/>
      </object_component>
      <object_component id="oc-168">
         <name>.text</name>
         <load_address>0x3794</load_address>
         <run_address>0x3794</run_address>
         <size>0x98</size>
         <input_file_ref idref="fl-5"/>
      </object_component>
      <object_component id="oc-51">
         <name>.text</name>
         <load_address>0x382c</load_address>
         <run_address>0x382c</run_address>
         <size>0x7a</size>
         <input_file_ref idref="fl-f0"/>
      </object_component>
      <object_component id="oc-69">
         <name>.text</name>
         <load_address>0x38a8</load_address>
         <run_address>0x38a8</run_address>
         <size>0x70</size>
         <input_file_ref idref="fl-f7"/>
      </object_component>
      <object_component id="oc-12">
         <name>.text:decompress:lzss</name>
         <load_address>0x3918</load_address>
         <run_address>0x3918</run_address>
         <size>0x68</size>
         <input_file_ref idref="fl-e8"/>
      </object_component>
      <object_component id="oc-24">
         <name>.text</name>
         <load_address>0x3980</load_address>
         <run_address>0x3980</run_address>
         <size>0x54</size>
         <input_file_ref idref="fl-e7"/>
      </object_component>
      <object_component id="oc-75">
         <name>.text</name>
         <load_address>0x39d4</load_address>
         <run_address>0x39d4</run_address>
         <size>0x54</size>
         <input_file_ref idref="fl-eb"/>
      </object_component>
      <object_component id="oc-b0">
         <name>.text</name>
         <load_address>0x3a28</load_address>
         <run_address>0x3a28</run_address>
         <size>0x4c</size>
         <input_file_ref idref="fl-f8"/>
      </object_component>
      <object_component id="oc-1b3">
         <name>.text</name>
         <load_address>0x3a74</load_address>
         <run_address>0x3a74</run_address>
         <size>0x44</size>
         <input_file_ref idref="fl-ee"/>
      </object_component>
      <object_component id="oc-125">
         <name>.text</name>
         <load_address>0x3ab8</load_address>
         <run_address>0x3ab8</run_address>
         <size>0x3e</size>
         <input_file_ref idref="fl-d"/>
      </object_component>
      <object_component id="oc-1a4">
         <name>.text</name>
         <load_address>0x3af6</load_address>
         <run_address>0x3af6</run_address>
         <size>0x20</size>
         <input_file_ref idref="fl-f4"/>
      </object_component>
      <object_component id="oc-6f">
         <name>.text</name>
         <load_address>0x3b18</load_address>
         <run_address>0x3b18</run_address>
         <size>0x18</size>
         <input_file_ref idref="fl-f6"/>
      </object_component>
      <object_component id="oc-119">
         <name>.text</name>
         <load_address>0x3b30</load_address>
         <run_address>0x3b30</run_address>
         <size>0x14</size>
         <input_file_ref idref="fl-f5"/>
      </object_component>
      <object_component id="oc-18">
         <name>.text:decompress:none</name>
         <load_address>0x3b44</load_address>
         <run_address>0x3b44</run_address>
         <size>0xe</size>
         <input_file_ref idref="fl-e9"/>
      </object_component>
      <object_component id="oc-1e">
         <name>.text:decompress:ZI</name>
         <load_address>0x3b52</load_address>
         <run_address>0x3b52</run_address>
         <size>0xc</size>
         <input_file_ref idref="fl-ea"/>
      </object_component>
      <object_component id="oc-be">
         <name>.text</name>
         <load_address>0x3b5e</load_address>
         <run_address>0x3b5e</run_address>
         <size>0xc</size>
         <input_file_ref idref="fl-4"/>
      </object_component>
      <object_component id="oc-2b">
         <name>.text</name>
         <load_address>0x3b6a</load_address>
         <run_address>0x3b6a</run_address>
         <size>0xc</size>
         <input_file_ref idref="fl-2"/>
      </object_component>
      <object_component id="oc-19b">
         <name>.text:SysCtlDelay</name>
         <load_address>0x3b76</load_address>
         <run_address>0x3b76</run_address>
         <size>0x6</size>
         <input_file_ref idref="fl-22"/>
      </object_component>
      <object_component id="oc-63">
         <name>.text</name>
         <load_address>0x3b7c</load_address>
         <run_address>0x3b7c</run_address>
         <size>0x4</size>
         <input_file_ref idref="fl-f2"/>
      </object_component>
      <object_component id="oc-198">
         <name>.const:g_pppui32XTALtoVCO</name>
         <load_address>0x3b80</load_address>
         <run_address>0x3b80</run_address>
         <size>0x1b0</size>
         <input_file_ref idref="fl-22"/>
      </object_component>
      <object_component id="oc-e7">
         <name>.const:g_ppui32GPIOIntMapSnowflake</name>
         <load_address>0x3d30</load_address>
         <run_address>0x3d30</run_address>
         <size>0xd8</size>
         <input_file_ref idref="fl-16"/>
      </object_component>
      <object_component id="oc-e1">
         <name>.const:g_ppui32GPIOIntMapBlizzard</name>
         <load_address>0x3e08</load_address>
         <run_address>0x3e08</run_address>
         <size>0xc0</size>
         <input_file_ref idref="fl-16"/>
      </object_component>
      <object_component id="oc-131">
         <name>.const:g_pui32Regs</name>
         <load_address>0x3ec8</load_address>
         <run_address>0x3ec8</run_address>
         <size>0x9c</size>
         <input_file_ref idref="fl-19"/>
      </object_component>
      <object_component id="oc-ea">
         <name>.const:g_pui32GPIOBaseAddrs</name>
         <load_address>0x3f64</load_address>
         <run_address>0x3f64</run_address>
         <size>0x90</size>
         <input_file_ref idref="fl-16"/>
      </object_component>
      <object_component id="oc-192">
         <name>.const:g_pui32Xtals</name>
         <load_address>0x3ff4</load_address>
         <run_address>0x3ff4</run_address>
         <size>0x6c</size>
         <input_file_ref idref="fl-22"/>
      </object_component>
      <object_component id="oc-1e2">
         <name>.const:g_ppui32TimerIntMap</name>
         <load_address>0x4060</load_address>
         <run_address>0x4060</run_address>
         <size>0x60</size>
         <input_file_ref idref="fl-25"/>
      </object_component>
      <object_component id="oc-1e8">
         <name>.const:g_ppui32TimerIntMapSnowflake</name>
         <load_address>0x40c0</load_address>
         <run_address>0x40c0</run_address>
         <size>0x40</size>
         <input_file_ref idref="fl-25"/>
      </object_component>
      <object_component id="oc-18f">
         <name>.const:g_sXTALtoMEMTIM</name>
         <load_address>0x4100</load_address>
         <run_address>0x4100</run_address>
         <size>0x30</size>
         <input_file_ref idref="fl-22"/>
      </object_component>
      <object_component id="oc-12e">
         <name>.const:g_pui32Priority</name>
         <load_address>0x4130</load_address>
         <run_address>0x4130</run_address>
         <size>0x20</size>
         <input_file_ref idref="fl-19"/>
      </object_component>
      <object_component id="oc-137">
         <name>.const:g_pui32Dii16Regs</name>
         <load_address>0x4150</load_address>
         <run_address>0x4150</run_address>
         <size>0x14</size>
         <input_file_ref idref="fl-19"/>
      </object_component>
      <object_component id="oc-134">
         <name>.const:g_pui32EnRegs</name>
         <load_address>0x4164</load_address>
         <run_address>0x4164</run_address>
         <size>0x14</size>
         <input_file_ref idref="fl-19"/>
      </object_component>
      <object_component id="oc-13a">
         <name>.const:g_pui32PendRegs</name>
         <load_address>0x4178</load_address>
         <run_address>0x4178</run_address>
         <size>0x14</size>
         <input_file_ref idref="fl-19"/>
      </object_component>
      <object_component id="oc-13d">
         <name>.const:g_pui32UnpendRegs</name>
         <load_address>0x418c</load_address>
         <run_address>0x418c</run_address>
         <size>0x14</size>
         <input_file_ref idref="fl-19"/>
      </object_component>
      <object_component id="oc-195">
         <name>.const:g_pui32VCOFrequencies</name>
         <load_address>0x41a0</load_address>
         <run_address>0x41a0</run_address>
         <size>0x8</size>
         <input_file_ref idref="fl-22"/>
      </object_component>
      <object_component id="oc-e4">
         <name>.const</name>
         <load_address>0x41a8</load_address>
         <run_address>0x41a8</run_address>
         <size>0x8</size>
         <input_file_ref idref="fl-16"/>
      </object_component>
      <object_component id="oc-1e5">
         <name>.const</name>
         <load_address>0x41b0</load_address>
         <run_address>0x41b0</run_address>
         <size>0x8</size>
         <input_file_ref idref="fl-25"/>
      </object_component>
      <object_component id="oc-22a">
         <name>.cinit..data.load</name>
         <load_address>0x41b8</load_address>
         <run_address>0x41b8</run_address>
         <size>0x39</size>
      </object_component>
      <object_component id="oc-227">
         <name>__TI_handler_table</name>
         <load_address>0x41f4</load_address>
         <run_address>0x41f4</run_address>
         <size>0xc</size>
      </object_component>
      <object_component id="oc-22b">
         <name>.cinit..bss.load</name>
         <load_address>0x4200</load_address>
         <run_address>0x4200</run_address>
         <size>0x8</size>
      </object_component>
      <object_component id="oc-229">
         <name>.cinit..vtable.load</name>
         <load_address>0x4208</load_address>
         <run_address>0x4208</run_address>
         <size>0x8</size>
      </object_component>
      <object_component id="oc-228">
         <name>__TI_cinit_table</name>
         <load_address>0x4210</load_address>
         <run_address>0x4210</run_address>
         <size>0x18</size>
      </object_component>
      <object_component id="oc-12b">
         <name>.vtable</name>
         <uninitialized>true</uninitialized>
         <run_address>0x20000000</run_address>
         <size>0x26c</size>
         <input_file_ref idref="fl-19"/>
      </object_component>
      <object_component id="oc-177">
         <name>.data</name>
         <load_address>0x200004c0</load_address>
         <run_address>0x200004c0</run_address>
         <size>0x4</size>
         <input_file_ref idref="fl-3"/>
      </object_component>
      <object_component id="oc-16e">
         <name>.data:LDR1</name>
         <load_address>0x2000046c</load_address>
         <run_address>0x2000046c</run_address>
         <size>0x10</size>
         <input_file_ref idref="fl-3"/>
      </object_component>
      <object_component id="oc-171">
         <name>.data:LDR2</name>
         <load_address>0x2000047c</load_address>
         <run_address>0x2000047c</run_address>
         <size>0x10</size>
         <input_file_ref idref="fl-3"/>
      </object_component>
      <object_component id="oc-174">
         <name>.data:Ultrasonic_Sensor</name>
         <load_address>0x200004b8</load_address>
         <run_address>0x200004b8</run_address>
         <size>0x8</size>
         <input_file_ref idref="fl-3"/>
      </object_component>
      <object_component id="oc-1c0">
         <name>.data:LEFT_SIDE</name>
         <load_address>0x200004a8</load_address>
         <run_address>0x200004a8</run_address>
         <size>0x8</size>
         <input_file_ref idref="fl-5"/>
      </object_component>
      <object_component id="oc-1c3">
         <name>.data:RIGHT_SIDE</name>
         <load_address>0x200004b0</load_address>
         <run_address>0x200004b0</run_address>
         <size>0x8</size>
         <input_file_ref idref="fl-5"/>
      </object_component>
      <object_component id="oc-8c">
         <name>.data</name>
         <load_address>0x200004a0</load_address>
         <run_address>0x200004a0</run_address>
         <size>0x8</size>
         <input_file_ref idref="fl-6"/>
      </object_component>
      <object_component id="oc-c6">
         <name>.data:$O1$$</name>
         <load_address>0x2000048c</load_address>
         <run_address>0x2000048c</run_address>
         <size>0xc</size>
         <input_file_ref idref="fl-eb"/>
      </object_component>
      <object_component id="oc-7b">
         <name>.data</name>
         <load_address>0x200004c4</load_address>
         <run_address>0x200004c4</run_address>
         <size>0x4</size>
         <input_file_ref idref="fl-f3"/>
      </object_component>
      <object_component id="oc-c9">
         <name>.data:$O1$$</name>
         <load_address>0x20000498</load_address>
         <run_address>0x20000498</run_address>
         <size>0x8</size>
         <input_file_ref idref="fl-f5"/>
      </object_component>
      <object_component id="oc-d7">
         <name>.bss:g_pui8OversampleFactor</name>
         <uninitialized>true</uninitialized>
         <run_address>0x200004c8</run_address>
         <size>0x8</size>
         <input_file_ref idref="fl-9"/>
      </object_component>
      <object_component id="oc-2a">
         <name>.stack</name>
         <uninitialized>true</uninitialized>
         <run_address>0x2000026c</run_address>
         <size>0x0</size>
         <input_file_ref idref="fl-e7"/>
      </object_component>
      <object_component id="oc-22c">
         <name>.stack</name>
         <uninitialized>true</uninitialized>
         <run_address>0x2000026c</run_address>
         <size>0x0</size>
      </object_component>
      <object_component id="oc-39">
         <name>.debug_info</name>
         <load_address>0x0</load_address>
         <run_address>0x0</run_address>
         <size>0x2e2</size>
         <input_file_ref idref="fl-2"/>
      </object_component>
      <object_component id="oc-10">
         <name>.debug_info</name>
         <load_address>0x2e2</load_address>
         <run_address>0x2e2</run_address>
         <size>0xe7</size>
         <input_file_ref idref="fl-2"/>
      </object_component>
      <object_component id="oc-2c">
         <name>.debug_info</name>
         <load_address>0x3c9</load_address>
         <run_address>0x3c9</run_address>
         <size>0x263</size>
         <input_file_ref idref="fl-2"/>
      </object_component>
      <object_component id="oc-40">
         <name>.debug_info</name>
         <load_address>0x62c</load_address>
         <run_address>0x62c</run_address>
         <size>0x84</size>
         <input_file_ref idref="fl-2"/>
      </object_component>
      <object_component id="oc-93">
         <name>.debug_info</name>
         <load_address>0x6b0</load_address>
         <run_address>0x6b0</run_address>
         <size>0x18b</size>
         <input_file_ref idref="fl-2"/>
      </object_component>
      <object_component id="oc-178">
         <name>.debug_info</name>
         <load_address>0x83b</load_address>
         <run_address>0x83b</run_address>
         <size>0x11b</size>
         <input_file_ref idref="fl-3"/>
      </object_component>
      <object_component id="oc-16f">
         <name>.debug_info</name>
         <load_address>0x956</load_address>
         <run_address>0x956</run_address>
         <size>0xc6</size>
         <input_file_ref idref="fl-3"/>
      </object_component>
      <object_component id="oc-172">
         <name>.debug_info</name>
         <load_address>0xa1c</load_address>
         <run_address>0xa1c</run_address>
         <size>0xc6</size>
         <input_file_ref idref="fl-3"/>
      </object_component>
      <object_component id="oc-175">
         <name>.debug_info</name>
         <load_address>0xae2</load_address>
         <run_address>0xae2</run_address>
         <size>0xe0</size>
         <input_file_ref idref="fl-3"/>
      </object_component>
      <object_component id="oc-10b">
         <name>.debug_info</name>
         <load_address>0xbc2</load_address>
         <run_address>0xbc2</run_address>
         <size>0x411</size>
         <input_file_ref idref="fl-3"/>
      </object_component>
      <object_component id="oc-f3">
         <name>.debug_info</name>
         <load_address>0xfd3</load_address>
         <run_address>0xfd3</run_address>
         <size>0x86</size>
         <input_file_ref idref="fl-3"/>
      </object_component>
      <object_component id="oc-1cd">
         <name>.debug_info</name>
         <load_address>0x1059</load_address>
         <run_address>0x1059</run_address>
         <size>0x72</size>
         <input_file_ref idref="fl-3"/>
      </object_component>
      <object_component id="oc-c1">
         <name>.debug_info</name>
         <load_address>0x10cb</load_address>
         <run_address>0x10cb</run_address>
         <size>0x11c</size>
         <input_file_ref idref="fl-4"/>
      </object_component>
      <object_component id="oc-1c1">
         <name>.debug_info</name>
         <load_address>0x11e7</load_address>
         <run_address>0x11e7</run_address>
         <size>0xd2</size>
         <input_file_ref idref="fl-5"/>
      </object_component>
      <object_component id="oc-1c4">
         <name>.debug_info</name>
         <load_address>0x12b9</load_address>
         <run_address>0x12b9</run_address>
         <size>0xd4</size>
         <input_file_ref idref="fl-5"/>
      </object_component>
      <object_component id="oc-169">
         <name>.debug_info</name>
         <load_address>0x138d</load_address>
         <run_address>0x138d</run_address>
         <size>0x3d5</size>
         <input_file_ref idref="fl-5"/>
      </object_component>
      <object_component id="oc-1f5">
         <name>.debug_info</name>
         <load_address>0x1762</load_address>
         <run_address>0x1762</run_address>
         <size>0xcc</size>
         <input_file_ref idref="fl-5"/>
      </object_component>
      <object_component id="oc-90">
         <name>.debug_info</name>
         <load_address>0x182e</load_address>
         <run_address>0x182e</run_address>
         <size>0x447</size>
         <input_file_ref idref="fl-6"/>
      </object_component>
      <object_component id="oc-8d">
         <name>.debug_info</name>
         <load_address>0x1c75</load_address>
         <run_address>0x1c75</run_address>
         <size>0xff</size>
         <input_file_ref idref="fl-6"/>
      </object_component>
      <object_component id="oc-32">
         <name>.debug_info</name>
         <load_address>0x1d74</load_address>
         <run_address>0x1d74</run_address>
         <size>0x3bb</size>
         <input_file_ref idref="fl-6"/>
      </object_component>
      <object_component id="oc-1f4">
         <name>.debug_info</name>
         <load_address>0x212f</load_address>
         <run_address>0x212f</run_address>
         <size>0x46c</size>
         <input_file_ref idref="fl-7"/>
      </object_component>
      <object_component id="oc-1be">
         <name>.debug_info</name>
         <load_address>0x259b</load_address>
         <run_address>0x259b</run_address>
         <size>0x42b</size>
         <input_file_ref idref="fl-7"/>
      </object_component>
      <object_component id="oc-dc">
         <name>.debug_info</name>
         <load_address>0x29c6</load_address>
         <run_address>0x29c6</run_address>
         <size>0x8b</size>
         <input_file_ref idref="fl-7"/>
      </object_component>
      <object_component id="oc-1b9">
         <name>.debug_info</name>
         <load_address>0x2a51</load_address>
         <run_address>0x2a51</run_address>
         <size>0x4ac</size>
         <input_file_ref idref="fl-8"/>
      </object_component>
      <object_component id="oc-163">
         <name>.debug_info</name>
         <load_address>0x2efd</load_address>
         <run_address>0x2efd</run_address>
         <size>0x436</size>
         <input_file_ref idref="fl-8"/>
      </object_component>
      <object_component id="oc-db">
         <name>.debug_info</name>
         <load_address>0x3333</load_address>
         <run_address>0x3333</run_address>
         <size>0x31c</size>
         <input_file_ref idref="fl-9"/>
      </object_component>
      <object_component id="oc-d8">
         <name>.debug_info</name>
         <load_address>0x364f</load_address>
         <run_address>0x364f</run_address>
         <size>0xef</size>
         <input_file_ref idref="fl-9"/>
      </object_component>
      <object_component id="oc-84">
         <name>.debug_info</name>
         <load_address>0x373e</load_address>
         <run_address>0x373e</run_address>
         <size>0x2b43</size>
         <input_file_ref idref="fl-9"/>
      </object_component>
      <object_component id="oc-129">
         <name>.debug_info</name>
         <load_address>0x6281</load_address>
         <run_address>0x6281</run_address>
         <size>0x334</size>
         <input_file_ref idref="fl-d"/>
      </object_component>
      <object_component id="oc-ee">
         <name>.debug_info</name>
         <load_address>0x65b5</load_address>
         <run_address>0x65b5</run_address>
         <size>0x34b</size>
         <input_file_ref idref="fl-16"/>
      </object_component>
      <object_component id="oc-e2">
         <name>.debug_info</name>
         <load_address>0x6900</load_address>
         <run_address>0x6900</run_address>
         <size>0xf8</size>
         <input_file_ref idref="fl-16"/>
      </object_component>
      <object_component id="oc-e5">
         <name>.debug_info</name>
         <load_address>0x69f8</load_address>
         <run_address>0x69f8</run_address>
         <size>0x146</size>
         <input_file_ref idref="fl-16"/>
      </object_component>
      <object_component id="oc-e8">
         <name>.debug_info</name>
         <load_address>0x6b3e</load_address>
         <run_address>0x6b3e</run_address>
         <size>0xfa</size>
         <input_file_ref idref="fl-16"/>
      </object_component>
      <object_component id="oc-eb">
         <name>.debug_info</name>
         <load_address>0x6c38</load_address>
         <run_address>0x6c38</run_address>
         <size>0xec</size>
         <input_file_ref idref="fl-16"/>
      </object_component>
      <object_component id="oc-89">
         <name>.debug_info</name>
         <load_address>0x6d24</load_address>
         <run_address>0x6d24</run_address>
         <size>0x31e1</size>
         <input_file_ref idref="fl-16"/>
      </object_component>
      <object_component id="oc-141">
         <name>.debug_info</name>
         <load_address>0x9f05</load_address>
         <run_address>0x9f05</run_address>
         <size>0x323</size>
         <input_file_ref idref="fl-19"/>
      </object_component>
      <object_component id="oc-12f">
         <name>.debug_info</name>
         <load_address>0xa228</load_address>
         <run_address>0xa228</run_address>
         <size>0xe7</size>
         <input_file_ref idref="fl-19"/>
      </object_component>
      <object_component id="oc-132">
         <name>.debug_info</name>
         <load_address>0xa30f</load_address>
         <run_address>0xa30f</run_address>
         <size>0xdf</size>
         <input_file_ref idref="fl-19"/>
      </object_component>
      <object_component id="oc-135">
         <name>.debug_info</name>
         <load_address>0xa3ee</load_address>
         <run_address>0xa3ee</run_address>
         <size>0xe3</size>
         <input_file_ref idref="fl-19"/>
      </object_component>
      <object_component id="oc-138">
         <name>.debug_info</name>
         <load_address>0xa4d1</load_address>
         <run_address>0xa4d1</run_address>
         <size>0xe9</size>
         <input_file_ref idref="fl-19"/>
      </object_component>
      <object_component id="oc-13b">
         <name>.debug_info</name>
         <load_address>0xa5ba</load_address>
         <run_address>0xa5ba</run_address>
         <size>0xe7</size>
         <input_file_ref idref="fl-19"/>
      </object_component>
      <object_component id="oc-13e">
         <name>.debug_info</name>
         <load_address>0xa6a1</load_address>
         <run_address>0xa6a1</run_address>
         <size>0xeb</size>
         <input_file_ref idref="fl-19"/>
      </object_component>
      <object_component id="oc-12c">
         <name>.debug_info</name>
         <load_address>0xa78c</load_address>
         <run_address>0xa78c</run_address>
         <size>0xe8</size>
         <input_file_ref idref="fl-19"/>
      </object_component>
      <object_component id="oc-d2">
         <name>.debug_info</name>
         <load_address>0xa874</load_address>
         <run_address>0xa874</run_address>
         <size>0xce8</size>
         <input_file_ref idref="fl-19"/>
      </object_component>
      <object_component id="oc-19d">
         <name>.debug_info</name>
         <load_address>0xb55c</load_address>
         <run_address>0xb55c</run_address>
         <size>0x3a8</size>
         <input_file_ref idref="fl-22"/>
      </object_component>
      <object_component id="oc-193">
         <name>.debug_info</name>
         <load_address>0xb904</load_address>
         <run_address>0xb904</run_address>
         <size>0xde</size>
         <input_file_ref idref="fl-22"/>
      </object_component>
      <object_component id="oc-199">
         <name>.debug_info</name>
         <load_address>0xb9e2</load_address>
         <run_address>0xb9e2</run_address>
         <size>0xea</size>
         <input_file_ref idref="fl-22"/>
      </object_component>
      <object_component id="oc-190">
         <name>.debug_info</name>
         <load_address>0xbacc</load_address>
         <run_address>0xbacc</run_address>
         <size>0xe4</size>
         <input_file_ref idref="fl-22"/>
      </object_component>
      <object_component id="oc-196">
         <name>.debug_info</name>
         <load_address>0xbbb0</load_address>
         <run_address>0xbbb0</run_address>
         <size>0xf1</size>
         <input_file_ref idref="fl-22"/>
      </object_component>
      <object_component id="oc-15d">
         <name>.debug_info</name>
         <load_address>0xbca1</load_address>
         <run_address>0xbca1</run_address>
         <size>0x2b2e</size>
         <input_file_ref idref="fl-22"/>
      </object_component>
      <object_component id="oc-1de">
         <name>.debug_info</name>
         <load_address>0xe7cf</load_address>
         <run_address>0xe7cf</run_address>
         <size>0x51</size>
         <input_file_ref idref="fl-22"/>
      </object_component>
      <object_component id="oc-1ec">
         <name>.debug_info</name>
         <load_address>0xe820</load_address>
         <run_address>0xe820</run_address>
         <size>0x338</size>
         <input_file_ref idref="fl-25"/>
      </object_component>
      <object_component id="oc-1e3">
         <name>.debug_info</name>
         <load_address>0xeb58</load_address>
         <run_address>0xeb58</run_address>
         <size>0xeb</size>
         <input_file_ref idref="fl-25"/>
      </object_component>
      <object_component id="oc-1e6">
         <name>.debug_info</name>
         <load_address>0xec43</load_address>
         <run_address>0xec43</run_address>
         <size>0x137</size>
         <input_file_ref idref="fl-25"/>
      </object_component>
      <object_component id="oc-1e9">
         <name>.debug_info</name>
         <load_address>0xed7a</load_address>
         <run_address>0xed7a</run_address>
         <size>0xfd</size>
         <input_file_ref idref="fl-25"/>
      </object_component>
      <object_component id="oc-1a0">
         <name>.debug_info</name>
         <load_address>0xee77</load_address>
         <run_address>0xee77</run_address>
         <size>0x2473</size>
         <input_file_ref idref="fl-25"/>
      </object_component>
      <object_component id="oc-26">
         <name>.debug_info</name>
         <load_address>0x112ea</load_address>
         <run_address>0x112ea</run_address>
         <size>0x160</size>
         <input_file_ref idref="fl-e7"/>
      </object_component>
      <object_component id="oc-9d">
         <name>.debug_info</name>
         <load_address>0x1144a</load_address>
         <run_address>0x1144a</run_address>
         <size>0x293</size>
         <input_file_ref idref="fl-e8"/>
      </object_component>
      <object_component id="oc-13">
         <name>.debug_info</name>
         <load_address>0x116dd</load_address>
         <run_address>0x116dd</run_address>
         <size>0x245</size>
         <input_file_ref idref="fl-e8"/>
      </object_component>
      <object_component id="oc-3b">
         <name>.debug_info</name>
         <load_address>0x11922</load_address>
         <run_address>0x11922</run_address>
         <size>0x60</size>
         <input_file_ref idref="fl-e8"/>
      </object_component>
      <object_component id="oc-98">
         <name>.debug_info</name>
         <load_address>0x11982</load_address>
         <run_address>0x11982</run_address>
         <size>0x46</size>
         <input_file_ref idref="fl-e8"/>
      </object_component>
      <object_component id="oc-50">
         <name>.debug_info</name>
         <load_address>0x119c8</load_address>
         <run_address>0x119c8</run_address>
         <size>0x2da</size>
         <input_file_ref idref="fl-e9"/>
      </object_component>
      <object_component id="oc-1b">
         <name>.debug_info</name>
         <load_address>0x11ca2</load_address>
         <run_address>0x11ca2</run_address>
         <size>0x1df</size>
         <input_file_ref idref="fl-e9"/>
      </object_component>
      <object_component id="oc-4b">
         <name>.debug_info</name>
         <load_address>0x11e81</load_address>
         <run_address>0x11e81</run_address>
         <size>0x46</size>
         <input_file_ref idref="fl-e9"/>
      </object_component>
      <object_component id="oc-9f">
         <name>.debug_info</name>
         <load_address>0x11ec7</load_address>
         <run_address>0x11ec7</run_address>
         <size>0x2c</size>
         <input_file_ref idref="fl-e9"/>
      </object_component>
      <object_component id="oc-5c">
         <name>.debug_info</name>
         <load_address>0x11ef3</load_address>
         <run_address>0x11ef3</run_address>
         <size>0x2c9</size>
         <input_file_ref idref="fl-ea"/>
      </object_component>
      <object_component id="oc-1f">
         <name>.debug_info</name>
         <load_address>0x121bc</load_address>
         <run_address>0x121bc</run_address>
         <size>0x1aa</size>
         <input_file_ref idref="fl-ea"/>
      </object_component>
      <object_component id="oc-57">
         <name>.debug_info</name>
         <load_address>0x12366</load_address>
         <run_address>0x12366</run_address>
         <size>0x46</size>
         <input_file_ref idref="fl-ea"/>
      </object_component>
      <object_component id="oc-a7">
         <name>.debug_info</name>
         <load_address>0x123ac</load_address>
         <run_address>0x123ac</run_address>
         <size>0x2c</size>
         <input_file_ref idref="fl-ea"/>
      </object_component>
      <object_component id="oc-cd">
         <name>.debug_info</name>
         <load_address>0x123d8</load_address>
         <run_address>0x123d8</run_address>
         <size>0x3ce</size>
         <input_file_ref idref="fl-eb"/>
      </object_component>
      <object_component id="oc-c7">
         <name>.debug_info</name>
         <load_address>0x127a6</load_address>
         <run_address>0x127a6</run_address>
         <size>0x185</size>
         <input_file_ref idref="fl-eb"/>
      </object_component>
      <object_component id="oc-79">
         <name>.debug_info</name>
         <load_address>0x1292b</load_address>
         <run_address>0x1292b</run_address>
         <size>0x214</size>
         <input_file_ref idref="fl-eb"/>
      </object_component>
      <object_component id="oc-1af">
         <name>.debug_info</name>
         <load_address>0x12b3f</load_address>
         <run_address>0x12b3f</run_address>
         <size>0x132</size>
         <input_file_ref idref="fl-ec"/>
      </object_component>
      <object_component id="oc-1aa">
         <name>.debug_info</name>
         <load_address>0x12c71</load_address>
         <run_address>0x12c71</run_address>
         <size>0x132</size>
         <input_file_ref idref="fl-ed"/>
      </object_component>
      <object_component id="oc-1b4">
         <name>.debug_info</name>
         <load_address>0x12da3</load_address>
         <run_address>0x12da3</run_address>
         <size>0x131</size>
         <input_file_ref idref="fl-ee"/>
      </object_component>
      <object_component id="oc-48">
         <name>.debug_info</name>
         <load_address>0x12ed4</load_address>
         <run_address>0x12ed4</run_address>
         <size>0x111</size>
         <input_file_ref idref="fl-ef"/>
      </object_component>
      <object_component id="oc-54">
         <name>.debug_info</name>
         <load_address>0x12fe5</load_address>
         <run_address>0x12fe5</run_address>
         <size>0x13f</size>
         <input_file_ref idref="fl-f0"/>
      </object_component>
      <object_component id="oc-61">
         <name>.debug_info</name>
         <load_address>0x13124</load_address>
         <run_address>0x13124</run_address>
         <size>0x138</size>
         <input_file_ref idref="fl-f1"/>
      </object_component>
      <object_component id="oc-64">
         <name>.debug_info</name>
         <load_address>0x1325c</load_address>
         <run_address>0x1325c</run_address>
         <size>0x148</size>
         <input_file_ref idref="fl-f2"/>
      </object_component>
      <object_component id="oc-7c">
         <name>.debug_info</name>
         <load_address>0x133a4</load_address>
         <run_address>0x133a4</run_address>
         <size>0x109</size>
         <input_file_ref idref="fl-f3"/>
      </object_component>
      <object_component id="oc-1a5">
         <name>.debug_info</name>
         <load_address>0x134ad</load_address>
         <run_address>0x134ad</run_address>
         <size>0x126</size>
         <input_file_ref idref="fl-f4"/>
      </object_component>
      <object_component id="oc-121">
         <name>.debug_info</name>
         <load_address>0x135d3</load_address>
         <run_address>0x135d3</run_address>
         <size>0x2be</size>
         <input_file_ref idref="fl-f5"/>
      </object_component>
      <object_component id="oc-ca">
         <name>.debug_info</name>
         <load_address>0x13891</load_address>
         <run_address>0x13891</run_address>
         <size>0x113</size>
         <input_file_ref idref="fl-f5"/>
      </object_component>
      <object_component id="oc-11a">
         <name>.debug_info</name>
         <load_address>0x139a4</load_address>
         <run_address>0x139a4</run_address>
         <size>0x21f</size>
         <input_file_ref idref="fl-f5"/>
      </object_component>
      <object_component id="oc-c5">
         <name>.debug_info</name>
         <load_address>0x13bc3</load_address>
         <run_address>0x13bc3</run_address>
         <size>0x300</size>
         <input_file_ref idref="fl-f6"/>
      </object_component>
      <object_component id="oc-73">
         <name>.debug_info</name>
         <load_address>0x13ec3</load_address>
         <run_address>0x13ec3</run_address>
         <size>0x167</size>
         <input_file_ref idref="fl-f6"/>
      </object_component>
      <object_component id="oc-112">
         <name>.debug_info</name>
         <load_address>0x1402a</load_address>
         <run_address>0x1402a</run_address>
         <size>0x5e</size>
         <input_file_ref idref="fl-f6"/>
      </object_component>
      <object_component id="oc-bd">
         <name>.debug_info</name>
         <load_address>0x14088</load_address>
         <run_address>0x14088</run_address>
         <size>0x483</size>
         <input_file_ref idref="fl-f7"/>
      </object_component>
      <object_component id="oc-6b">
         <name>.debug_info</name>
         <load_address>0x1450b</load_address>
         <run_address>0x1450b</run_address>
         <size>0x190</size>
         <input_file_ref idref="fl-f7"/>
      </object_component>
      <object_component id="oc-ff">
         <name>.debug_info</name>
         <load_address>0x1469b</load_address>
         <run_address>0x1469b</run_address>
         <size>0x39</size>
         <input_file_ref idref="fl-f7"/>
      </object_component>
      <object_component id="oc-157">
         <name>.debug_info</name>
         <load_address>0x146d4</load_address>
         <run_address>0x146d4</run_address>
         <size>0x39</size>
         <input_file_ref idref="fl-f7"/>
      </object_component>
      <object_component id="oc-104">
         <name>.debug_info</name>
         <load_address>0x1470d</load_address>
         <run_address>0x1470d</run_address>
         <size>0xcd</size>
         <input_file_ref idref="fl-f7"/>
      </object_component>
      <object_component id="oc-fb">
         <name>.debug_info</name>
         <load_address>0x147da</load_address>
         <run_address>0x147da</run_address>
         <size>0x37a</size>
         <input_file_ref idref="fl-f8"/>
      </object_component>
      <object_component id="oc-b4">
         <name>.debug_info</name>
         <load_address>0x14b54</load_address>
         <run_address>0x14b54</run_address>
         <size>0x183</size>
         <input_file_ref idref="fl-f8"/>
      </object_component>
      <object_component id="oc-152">
         <name>.debug_info</name>
         <load_address>0x14cd7</load_address>
         <run_address>0x14cd7</run_address>
         <size>0x2c</size>
         <input_file_ref idref="fl-f8"/>
      </object_component>
      <object_component id="oc-b8">
         <name>.debug_info</name>
         <load_address>0x14d03</load_address>
         <run_address>0x14d03</run_address>
         <size>0x145</size>
         <input_file_ref idref="fl-f9"/>
      </object_component>
      <object_component id="oc-22d">
         <name>.debug_info</name>
         <load_address>0x14e48</load_address>
         <run_address>0x14e48</run_address>
         <size>0x9d</size>
      </object_component>
      <object_component id="oc-92">
         <name>.debug_line</name>
         <load_address>0x0</load_address>
         <run_address>0x0</run_address>
         <size>0x41</size>
         <input_file_ref idref="fl-2"/>
      </object_component>
      <object_component id="oc-38">
         <name>.debug_line</name>
         <load_address>0x41</load_address>
         <run_address>0x41</run_address>
         <size>0x41</size>
         <input_file_ref idref="fl-2"/>
      </object_component>
      <object_component id="oc-2f">
         <name>.debug_line</name>
         <load_address>0x82</load_address>
         <run_address>0x82</run_address>
         <size>0xa1</size>
         <input_file_ref idref="fl-2"/>
      </object_component>
      <object_component id="oc-43">
         <name>.debug_line</name>
         <load_address>0x123</load_address>
         <run_address>0x123</run_address>
         <size>0x20</size>
         <input_file_ref idref="fl-2"/>
      </object_component>
      <object_component id="oc-96">
         <name>.debug_line</name>
         <load_address>0x143</load_address>
         <run_address>0x143</run_address>
         <size>0x65</size>
         <input_file_ref idref="fl-2"/>
      </object_component>
      <object_component id="oc-1d3">
         <name>.debug_line</name>
         <load_address>0x1a8</load_address>
         <run_address>0x1a8</run_address>
         <size>0x30</size>
         <input_file_ref idref="fl-3"/>
      </object_component>
      <object_component id="oc-1c8">
         <name>.debug_line</name>
         <load_address>0x1d8</load_address>
         <run_address>0x1d8</run_address>
         <size>0x30</size>
         <input_file_ref idref="fl-3"/>
      </object_component>
      <object_component id="oc-1ca">
         <name>.debug_line</name>
         <load_address>0x208</load_address>
         <run_address>0x208</run_address>
         <size>0x30</size>
         <input_file_ref idref="fl-3"/>
      </object_component>
      <object_component id="oc-1cc">
         <name>.debug_line</name>
         <load_address>0x238</load_address>
         <run_address>0x238</run_address>
         <size>0x30</size>
         <input_file_ref idref="fl-3"/>
      </object_component>
      <object_component id="oc-10e">
         <name>.debug_line</name>
         <load_address>0x268</load_address>
         <run_address>0x268</run_address>
         <size>0xaf</size>
         <input_file_ref idref="fl-3"/>
      </object_component>
      <object_component id="oc-f6">
         <name>.debug_line</name>
         <load_address>0x317</load_address>
         <run_address>0x317</run_address>
         <size>0x45</size>
         <input_file_ref idref="fl-3"/>
      </object_component>
      <object_component id="oc-1d0">
         <name>.debug_line</name>
         <load_address>0x35c</load_address>
         <run_address>0x35c</run_address>
         <size>0x50</size>
         <input_file_ref idref="fl-3"/>
      </object_component>
      <object_component id="oc-c3">
         <name>.debug_line</name>
         <load_address>0x3ac</load_address>
         <run_address>0x3ac</run_address>
         <size>0x4c</size>
         <input_file_ref idref="fl-4"/>
      </object_component>
      <object_component id="oc-1fb">
         <name>.debug_line</name>
         <load_address>0x3f8</load_address>
         <run_address>0x3f8</run_address>
         <size>0x32</size>
         <input_file_ref idref="fl-5"/>
      </object_component>
      <object_component id="oc-1fd">
         <name>.debug_line</name>
         <load_address>0x42a</load_address>
         <run_address>0x42a</run_address>
         <size>0x32</size>
         <input_file_ref idref="fl-5"/>
      </object_component>
      <object_component id="oc-16d">
         <name>.debug_line</name>
         <load_address>0x45c</load_address>
         <run_address>0x45c</run_address>
         <size>0xcb</size>
         <input_file_ref idref="fl-5"/>
      </object_component>
      <object_component id="oc-1f8">
         <name>.debug_line</name>
         <load_address>0x527</load_address>
         <run_address>0x527</run_address>
         <size>0x3f</size>
         <input_file_ref idref="fl-5"/>
      </object_component>
      <object_component id="oc-f2">
         <name>.debug_line</name>
         <load_address>0x566</load_address>
         <run_address>0x566</run_address>
         <size>0x99</size>
         <input_file_ref idref="fl-6"/>
      </object_component>
      <object_component id="oc-f0">
         <name>.debug_line</name>
         <load_address>0x5ff</load_address>
         <run_address>0x5ff</run_address>
         <size>0x3c</size>
         <input_file_ref idref="fl-6"/>
      </object_component>
      <object_component id="oc-36">
         <name>.debug_line</name>
         <load_address>0x63b</load_address>
         <run_address>0x63b</run_address>
         <size>0xae</size>
         <input_file_ref idref="fl-6"/>
      </object_component>
      <object_component id="oc-207">
         <name>.debug_line</name>
         <load_address>0x6e9</load_address>
         <run_address>0x6e9</run_address>
         <size>0x9b</size>
         <input_file_ref idref="fl-7"/>
      </object_component>
      <object_component id="oc-1bd">
         <name>.debug_line</name>
         <load_address>0x784</load_address>
         <run_address>0x784</run_address>
         <size>0x89</size>
         <input_file_ref idref="fl-7"/>
      </object_component>
      <object_component id="oc-df">
         <name>.debug_line</name>
         <load_address>0x80d</load_address>
         <run_address>0x80d</run_address>
         <size>0x20</size>
         <input_file_ref idref="fl-7"/>
      </object_component>
      <object_component id="oc-1f2">
         <name>.debug_line</name>
         <load_address>0x82d</load_address>
         <run_address>0x82d</run_address>
         <size>0xda</size>
         <input_file_ref idref="fl-8"/>
      </object_component>
      <object_component id="oc-166">
         <name>.debug_line</name>
         <load_address>0x907</load_address>
         <run_address>0x907</run_address>
         <size>0xa1</size>
         <input_file_ref idref="fl-8"/>
      </object_component>
      <object_component id="oc-145">
         <name>.debug_line</name>
         <load_address>0x9a8</load_address>
         <run_address>0x9a8</run_address>
         <size>0x62</size>
         <input_file_ref idref="fl-9"/>
      </object_component>
      <object_component id="oc-143">
         <name>.debug_line</name>
         <load_address>0xa0a</load_address>
         <run_address>0xa0a</run_address>
         <size>0x36</size>
         <input_file_ref idref="fl-9"/>
      </object_component>
      <object_component id="oc-82">
         <name>.debug_line</name>
         <load_address>0xa40</load_address>
         <run_address>0xa40</run_address>
         <size>0x601</size>
         <input_file_ref idref="fl-9"/>
      </object_component>
      <object_component id="oc-128">
         <name>.debug_line</name>
         <load_address>0x1041</load_address>
         <run_address>0x1041</run_address>
         <size>0xd9</size>
         <input_file_ref idref="fl-d"/>
      </object_component>
      <object_component id="oc-14f">
         <name>.debug_line</name>
         <load_address>0x111a</load_address>
         <run_address>0x111a</run_address>
         <size>0x62</size>
         <input_file_ref idref="fl-16"/>
      </object_component>
      <object_component id="oc-147">
         <name>.debug_line</name>
         <load_address>0x117c</load_address>
         <run_address>0x117c</run_address>
         <size>0x37</size>
         <input_file_ref idref="fl-16"/>
      </object_component>
      <object_component id="oc-149">
         <name>.debug_line</name>
         <load_address>0x11b3</load_address>
         <run_address>0x11b3</run_address>
         <size>0x37</size>
         <input_file_ref idref="fl-16"/>
      </object_component>
      <object_component id="oc-14b">
         <name>.debug_line</name>
         <load_address>0x11ea</load_address>
         <run_address>0x11ea</run_address>
         <size>0x37</size>
         <input_file_ref idref="fl-16"/>
      </object_component>
      <object_component id="oc-14d">
         <name>.debug_line</name>
         <load_address>0x1221</load_address>
         <run_address>0x1221</run_address>
         <size>0x37</size>
         <input_file_ref idref="fl-16"/>
      </object_component>
      <object_component id="oc-87">
         <name>.debug_line</name>
         <load_address>0x1258</load_address>
         <run_address>0x1258</run_address>
         <size>0x65d</size>
         <input_file_ref idref="fl-16"/>
      </object_component>
      <object_component id="oc-18e">
         <name>.debug_line</name>
         <load_address>0x18b5</load_address>
         <run_address>0x18b5</run_address>
         <size>0x5c</size>
         <input_file_ref idref="fl-19"/>
      </object_component>
      <object_component id="oc-182">
         <name>.debug_line</name>
         <load_address>0x1911</load_address>
         <run_address>0x1911</run_address>
         <size>0x3c</size>
         <input_file_ref idref="fl-19"/>
      </object_component>
      <object_component id="oc-184">
         <name>.debug_line</name>
         <load_address>0x194d</load_address>
         <run_address>0x194d</run_address>
         <size>0x3c</size>
         <input_file_ref idref="fl-19"/>
      </object_component>
      <object_component id="oc-186">
         <name>.debug_line</name>
         <load_address>0x1989</load_address>
         <run_address>0x1989</run_address>
         <size>0x3c</size>
         <input_file_ref idref="fl-19"/>
      </object_component>
      <object_component id="oc-188">
         <name>.debug_line</name>
         <load_address>0x19c5</load_address>
         <run_address>0x19c5</run_address>
         <size>0x3c</size>
         <input_file_ref idref="fl-19"/>
      </object_component>
      <object_component id="oc-18a">
         <name>.debug_line</name>
         <load_address>0x1a01</load_address>
         <run_address>0x1a01</run_address>
         <size>0x3c</size>
         <input_file_ref idref="fl-19"/>
      </object_component>
      <object_component id="oc-18c">
         <name>.debug_line</name>
         <load_address>0x1a3d</load_address>
         <run_address>0x1a3d</run_address>
         <size>0x3c</size>
         <input_file_ref idref="fl-19"/>
      </object_component>
      <object_component id="oc-180">
         <name>.debug_line</name>
         <load_address>0x1a79</load_address>
         <run_address>0x1a79</run_address>
         <size>0x3c</size>
         <input_file_ref idref="fl-19"/>
      </object_component>
      <object_component id="oc-d6">
         <name>.debug_line</name>
         <load_address>0x1ab5</load_address>
         <run_address>0x1ab5</run_address>
         <size>0x2ed</size>
         <input_file_ref idref="fl-19"/>
      </object_component>
      <object_component id="oc-1dd">
         <name>.debug_line</name>
         <load_address>0x1da2</load_address>
         <run_address>0x1da2</run_address>
         <size>0xdd</size>
         <input_file_ref idref="fl-22"/>
      </object_component>
      <object_component id="oc-1d7">
         <name>.debug_line</name>
         <load_address>0x1e7f</load_address>
         <run_address>0x1e7f</run_address>
         <size>0x39</size>
         <input_file_ref idref="fl-22"/>
      </object_component>
      <object_component id="oc-1db">
         <name>.debug_line</name>
         <load_address>0x1eb8</load_address>
         <run_address>0x1eb8</run_address>
         <size>0x39</size>
         <input_file_ref idref="fl-22"/>
      </object_component>
      <object_component id="oc-1d5">
         <name>.debug_line</name>
         <load_address>0x1ef1</load_address>
         <run_address>0x1ef1</run_address>
         <size>0x39</size>
         <input_file_ref idref="fl-22"/>
      </object_component>
      <object_component id="oc-1d9">
         <name>.debug_line</name>
         <load_address>0x1f2a</load_address>
         <run_address>0x1f2a</run_address>
         <size>0x39</size>
         <input_file_ref idref="fl-22"/>
      </object_component>
      <object_component id="oc-161">
         <name>.debug_line</name>
         <load_address>0x1f63</load_address>
         <run_address>0x1f63</run_address>
         <size>0x9b0</size>
         <input_file_ref idref="fl-22"/>
      </object_component>
      <object_component id="oc-1e0">
         <name>.debug_line</name>
         <load_address>0x2913</load_address>
         <run_address>0x2913</run_address>
         <size>0x39</size>
         <input_file_ref idref="fl-22"/>
      </object_component>
      <object_component id="oc-205">
         <name>.debug_line</name>
         <load_address>0x294c</load_address>
         <run_address>0x294c</run_address>
         <size>0x62</size>
         <input_file_ref idref="fl-25"/>
      </object_component>
      <object_component id="oc-1ff">
         <name>.debug_line</name>
         <load_address>0x29ae</load_address>
         <run_address>0x29ae</run_address>
         <size>0x38</size>
         <input_file_ref idref="fl-25"/>
      </object_component>
      <object_component id="oc-201">
         <name>.debug_line</name>
         <load_address>0x29e6</load_address>
         <run_address>0x29e6</run_address>
         <size>0x38</size>
         <input_file_ref idref="fl-25"/>
      </object_component>
      <object_component id="oc-203">
         <name>.debug_line</name>
         <load_address>0x2a1e</load_address>
         <run_address>0x2a1e</run_address>
         <size>0x38</size>
         <input_file_ref idref="fl-25"/>
      </object_component>
      <object_component id="oc-19f">
         <name>.debug_line</name>
         <load_address>0x2a56</load_address>
         <run_address>0x2a56</run_address>
         <size>0x529</size>
         <input_file_ref idref="fl-25"/>
      </object_component>
      <object_component id="oc-28">
         <name>.debug_line</name>
         <load_address>0x2f7f</load_address>
         <run_address>0x2f7f</run_address>
         <size>0x53</size>
         <input_file_ref idref="fl-e7"/>
      </object_component>
      <object_component id="oc-f9">
         <name>.debug_line</name>
         <load_address>0x2fd2</load_address>
         <run_address>0x2fd2</run_address>
         <size>0x20</size>
         <input_file_ref idref="fl-e8"/>
      </object_component>
      <object_component id="oc-16">
         <name>.debug_line</name>
         <load_address>0x2ff2</load_address>
         <run_address>0x2ff2</run_address>
         <size>0xa9</size>
         <input_file_ref idref="fl-e8"/>
      </object_component>
      <object_component id="oc-3e">
         <name>.debug_line</name>
         <load_address>0x309b</load_address>
         <run_address>0x309b</run_address>
         <size>0x3a</size>
         <input_file_ref idref="fl-e8"/>
      </object_component>
      <object_component id="oc-9b">
         <name>.debug_line</name>
         <load_address>0x30d5</load_address>
         <run_address>0x30d5</run_address>
         <size>0x8a</size>
         <input_file_ref idref="fl-e8"/>
      </object_component>
      <object_component id="oc-a5">
         <name>.debug_line</name>
         <load_address>0x315f</load_address>
         <run_address>0x315f</run_address>
         <size>0x8a</size>
         <input_file_ref idref="fl-e9"/>
      </object_component>
      <object_component id="oc-19">
         <name>.debug_line</name>
         <load_address>0x31e9</load_address>
         <run_address>0x31e9</run_address>
         <size>0x55</size>
         <input_file_ref idref="fl-e9"/>
      </object_component>
      <object_component id="oc-4e">
         <name>.debug_line</name>
         <load_address>0x323e</load_address>
         <run_address>0x323e</run_address>
         <size>0x3a</size>
         <input_file_ref idref="fl-e9"/>
      </object_component>
      <object_component id="oc-a2">
         <name>.debug_line</name>
         <load_address>0x3278</load_address>
         <run_address>0x3278</run_address>
         <size>0x8a</size>
         <input_file_ref idref="fl-e9"/>
      </object_component>
      <object_component id="oc-ad">
         <name>.debug_line</name>
         <load_address>0x3302</load_address>
         <run_address>0x3302</run_address>
         <size>0x8a</size>
         <input_file_ref idref="fl-ea"/>
      </object_component>
      <object_component id="oc-23">
         <name>.debug_line</name>
         <load_address>0x338c</load_address>
         <run_address>0x338c</run_address>
         <size>0x4f</size>
         <input_file_ref idref="fl-ea"/>
      </object_component>
      <object_component id="oc-5a">
         <name>.debug_line</name>
         <load_address>0x33db</load_address>
         <run_address>0x33db</run_address>
         <size>0x34</size>
         <input_file_ref idref="fl-ea"/>
      </object_component>
      <object_component id="oc-aa">
         <name>.debug_line</name>
         <load_address>0x340f</load_address>
         <run_address>0x340f</run_address>
         <size>0x8a</size>
         <input_file_ref idref="fl-ea"/>
      </object_component>
      <object_component id="oc-124">
         <name>.debug_line</name>
         <load_address>0x3499</load_address>
         <run_address>0x3499</run_address>
         <size>0xf2</size>
         <input_file_ref idref="fl-eb"/>
      </object_component>
      <object_component id="oc-118">
         <name>.debug_line</name>
         <load_address>0x358b</load_address>
         <run_address>0x358b</run_address>
         <size>0x2a</size>
         <input_file_ref idref="fl-eb"/>
      </object_component>
      <object_component id="oc-76">
         <name>.debug_line</name>
         <load_address>0x35b5</load_address>
         <run_address>0x35b5</run_address>
         <size>0x86</size>
         <input_file_ref idref="fl-eb"/>
      </object_component>
      <object_component id="oc-1b2">
         <name>.debug_line</name>
         <load_address>0x363b</load_address>
         <run_address>0x363b</run_address>
         <size>0xa8</size>
         <input_file_ref idref="fl-ec"/>
      </object_component>
      <object_component id="oc-1ad">
         <name>.debug_line</name>
         <load_address>0x36e3</load_address>
         <run_address>0x36e3</run_address>
         <size>0x8e</size>
         <input_file_ref idref="fl-ed"/>
      </object_component>
      <object_component id="oc-1b7">
         <name>.debug_line</name>
         <load_address>0x3771</load_address>
         <run_address>0x3771</run_address>
         <size>0x59</size>
         <input_file_ref idref="fl-ee"/>
      </object_component>
      <object_component id="oc-47">
         <name>.debug_line</name>
         <load_address>0x37ca</load_address>
         <run_address>0x37ca</run_address>
         <size>0x88</size>
         <input_file_ref idref="fl-ef"/>
      </object_component>
      <object_component id="oc-52">
         <name>.debug_line</name>
         <load_address>0x3852</load_address>
         <run_address>0x3852</run_address>
         <size>0x79</size>
         <input_file_ref idref="fl-f0"/>
      </object_component>
      <object_component id="oc-5f">
         <name>.debug_line</name>
         <load_address>0x38cb</load_address>
         <run_address>0x38cb</run_address>
         <size>0x3d</size>
         <input_file_ref idref="fl-f1"/>
      </object_component>
      <object_component id="oc-68">
         <name>.debug_line</name>
         <load_address>0x3908</load_address>
         <run_address>0x3908</run_address>
         <size>0x40</size>
         <input_file_ref idref="fl-f2"/>
      </object_component>
      <object_component id="oc-d0">
         <name>.debug_line</name>
         <load_address>0x3948</load_address>
         <run_address>0x3948</run_address>
         <size>0x33</size>
         <input_file_ref idref="fl-f3"/>
      </object_component>
      <object_component id="oc-1a8">
         <name>.debug_line</name>
         <load_address>0x397b</load_address>
         <run_address>0x397b</run_address>
         <size>0x4c</size>
         <input_file_ref idref="fl-f4"/>
      </object_component>
      <object_component id="oc-17d">
         <name>.debug_line</name>
         <load_address>0x39c7</load_address>
         <run_address>0x39c7</run_address>
         <size>0x20</size>
         <input_file_ref idref="fl-f5"/>
      </object_component>
      <object_component id="oc-120">
         <name>.debug_line</name>
         <load_address>0x39e7</load_address>
         <run_address>0x39e7</run_address>
         <size>0x2b</size>
         <input_file_ref idref="fl-f5"/>
      </object_component>
      <object_component id="oc-11d">
         <name>.debug_line</name>
         <load_address>0x3a12</load_address>
         <run_address>0x3a12</run_address>
         <size>0x68</size>
         <input_file_ref idref="fl-f5"/>
      </object_component>
      <object_component id="oc-111">
         <name>.debug_line</name>
         <load_address>0x3a7a</load_address>
         <run_address>0x3a7a</run_address>
         <size>0x2b</size>
         <input_file_ref idref="fl-f6"/>
      </object_component>
      <object_component id="oc-71">
         <name>.debug_line</name>
         <load_address>0x3aa5</load_address>
         <run_address>0x3aa5</run_address>
         <size>0x4a</size>
         <input_file_ref idref="fl-f6"/>
      </object_component>
      <object_component id="oc-115">
         <name>.debug_line</name>
         <load_address>0x3aef</load_address>
         <run_address>0x3aef</run_address>
         <size>0x2b</size>
         <input_file_ref idref="fl-f6"/>
      </object_component>
      <object_component id="oc-fe">
         <name>.debug_line</name>
         <load_address>0x3b1a</load_address>
         <run_address>0x3b1a</run_address>
         <size>0xa9</size>
         <input_file_ref idref="fl-f7"/>
      </object_component>
      <object_component id="oc-6d">
         <name>.debug_line</name>
         <load_address>0x3bc3</load_address>
         <run_address>0x3bc3</run_address>
         <size>0x8b</size>
         <input_file_ref idref="fl-f7"/>
      </object_component>
      <object_component id="oc-102">
         <name>.debug_line</name>
         <load_address>0x3c4e</load_address>
         <run_address>0x3c4e</run_address>
         <size>0x2e</size>
         <input_file_ref idref="fl-f7"/>
      </object_component>
      <object_component id="oc-15a">
         <name>.debug_line</name>
         <load_address>0x3c7c</load_address>
         <run_address>0x3c7c</run_address>
         <size>0x8a</size>
         <input_file_ref idref="fl-f7"/>
      </object_component>
      <object_component id="oc-107">
         <name>.debug_line</name>
         <load_address>0x3d06</load_address>
         <run_address>0x3d06</run_address>
         <size>0x8b</size>
         <input_file_ref idref="fl-f7"/>
      </object_component>
      <object_component id="oc-151">
         <name>.debug_line</name>
         <load_address>0x3d91</load_address>
         <run_address>0x3d91</run_address>
         <size>0x98</size>
         <input_file_ref idref="fl-f8"/>
      </object_component>
      <object_component id="oc-b3">
         <name>.debug_line</name>
         <load_address>0x3e29</load_address>
         <run_address>0x3e29</run_address>
         <size>0x68</size>
         <input_file_ref idref="fl-f8"/>
      </object_component>
      <object_component id="oc-155">
         <name>.debug_line</name>
         <load_address>0x3e91</load_address>
         <run_address>0x3e91</run_address>
         <size>0x2e</size>
         <input_file_ref idref="fl-f8"/>
      </object_component>
      <object_component id="oc-ba">
         <name>.debug_line</name>
         <load_address>0x3ebf</load_address>
         <run_address>0x3ebf</run_address>
         <size>0x3c</size>
         <input_file_ref idref="fl-f9"/>
      </object_component>
      <object_component id="oc-30">
         <name>.debug_frame</name>
         <load_address>0x0</load_address>
         <run_address>0x0</run_address>
         <size>0x84</size>
         <input_file_ref idref="fl-2"/>
      </object_component>
      <object_component id="oc-10a">
         <name>.debug_frame</name>
         <load_address>0x84</load_address>
         <run_address>0x84</run_address>
         <size>0x88</size>
         <input_file_ref idref="fl-3"/>
      </object_component>
      <object_component id="oc-bf">
         <name>.debug_frame</name>
         <load_address>0x10c</load_address>
         <run_address>0x10c</run_address>
         <size>0x58</size>
         <input_file_ref idref="fl-4"/>
      </object_component>
      <object_component id="oc-16c">
         <name>.debug_frame</name>
         <load_address>0x164</load_address>
         <run_address>0x164</run_address>
         <size>0xd0</size>
         <input_file_ref idref="fl-5"/>
      </object_component>
      <object_component id="oc-35">
         <name>.debug_frame</name>
         <load_address>0x234</load_address>
         <run_address>0x234</run_address>
         <size>0xa0</size>
         <input_file_ref idref="fl-6"/>
      </object_component>
      <object_component id="oc-1bb">
         <name>.debug_frame</name>
         <load_address>0x2d4</load_address>
         <run_address>0x2d4</run_address>
         <size>0x79</size>
         <input_file_ref idref="fl-7"/>
      </object_component>
      <object_component id="oc-167">
         <name>.debug_frame</name>
[...]
         <name>SysCtlClockSet</name>
         <value>0xbcd</value>
         <object_component_ref idref="oc-15c"/>
      </symbol>
      <symbol id="sm-4bf">
         <name>SysCtlAltClkConfig</name>
         <value>0x11b1</value>
         <object_component_ref idref="oc-15c"/>
      </symbol>
      <symbol id="sm-4c0">
         <name>SysCtlPeripheralClockGating</name>
         <value>0x6a5</value>
         <object_component_ref idref="oc-15c"/>
      </symbol>
      <symbol id="sm-4c1">
         <name>SysCtlIntStatus</name>
         <value>0x75d</value>
         <object_component_ref idref="oc-15c"/>
      </symbol>
      <symbol id="sm-4c2">
         <name>SysCtlIntClear</name>
         <value>0x74d</value>
         <object_component_ref idref="oc-15c"/>
      </symbol>
      <symbol id="sm-4c3">
         <name>SysCtlVoltageEventStatus</name>
         <value>0x1089</value>
         <object_component_ref idref="oc-15c"/>
      </symbol>
      <symbol id="sm-4c4">
         <name>SysCtlVoltageEventConfig</name>
         <value>0x1075</value>
         <object_component_ref idref="oc-15c"/>
      </symbol>
      <symbol id="sm-4c5">
         <name>SysCtlResetCauseGet</name>
         <value>0x7f5</value>
         <object_component_ref idref="oc-15c"/>
      </symbol>
      <symbol id="sm-4c6">
         <name>SysCtlSleep</name>
         <value>0x7d1</value>
         <object_component_ref idref="oc-15c"/>
      </symbol>
      <symbol id="sm-4c7">
         <name>SysCtlPWMClockGet</name>
         <value>0x1009</value>
         <object_component_ref idref="oc-15c"/>
      </symbol>
      <symbol id="sm-4c8">
         <name>SysCtlDeepSleepPowerSet</name>
         <value>0x7b9</value>
         <object_component_ref idref="oc-15c"/>
      </symbol>
      <symbol id="sm-4c9">
         <name>SysCtlClockOutConfig</name>
         <value>0x1195</value>
         <object_component_ref idref="oc-15c"/>
      </symbol>
      <symbol id="sm-4ca">
         <name>SysCtlNMIStatus</name>
         <value>0x1169</value>
         <object_component_ref idref="oc-15c"/>
      </symbol>
      <symbol id="sm-4cb">
         <name>SysCtlDeepSleepClockConfigSet</name>
         <value>0xf65</value>
         <object_component_ref idref="oc-15c"/>
      </symbol>
      <symbol id="sm-4cc">
         <name>SysCtlDelay</name>
         <value>0x3b77</value>
         <object_component_ref idref="oc-19b"/>
      </symbol>
      <symbol id="sm-4cd">
         <name>SysCtlVoltageEventClear</name>
         <value>0x1095</value>
         <object_component_ref idref="oc-15c"/>
      </symbol>
      <symbol id="sm-4ce">
         <name>SysCtlLDOSleepSet</name>
         <value>0x779</value>
         <object_component_ref idref="oc-15c"/>
      </symbol>
      <symbol id="sm-4cf">
         <name>SysCtlMOSCConfigSet</name>
         <value>0x80f</value>
         <object_component_ref idref="oc-15c"/>
      </symbol>
      <symbol id="sm-4d0">
         <name>SysCtlPeripheralEnable</name>
         <value>0x50d</value>
         <object_component_ref idref="oc-15c"/>
      </symbol>
      <symbol id="sm-4d1">
         <name>SysCtlIntEnable</name>
         <value>0x721</value>
         <object_component_ref idref="oc-15c"/>
      </symbol>
      <symbol id="sm-4d2">
         <name>SysCtlNMIClear</name>
         <value>0x1179</value>
         <object_component_ref idref="oc-15c"/>
      </symbol>
      <symbol id="sm-4d3">
         <name>SysCtlPeripheralPowerOff</name>
         <value>0x449</value>
         <object_component_ref idref="oc-15c"/>
      </symbol>
      <symbol id="sm-4d4">
         <name>SysCtlSleepPowerSet</name>
         <value>0x7a5</value>
         <object_component_ref idref="oc-15c"/>
      </symbol>
      <symbol id="sm-4d5">
         <name>SysCtlDeepSleep</name>
         <value>0x7d9</value>
         <object_component_ref idref="oc-15c"/>
      </symbol>
      <symbol id="sm-4d6">
         <name>SysCtlLDODeepSleepSet</name>
         <value>0x78f</value>
         <object_component_ref idref="oc-15c"/>
      </symbol>
      <symbol id="sm-4d7">
         <name>SysCtlPeripheralPowerOn</name>
         <value>0x40d</value>
         <object_component_ref idref="oc-15c"/>
      </symbol>
      <symbol id="sm-4d8">
         <name>SysCtlPeripheralDeepSleepDisable</name>
         <value>0x65d</value>
         <object_component_ref idref="oc-15c"/>
      </symbol>
      <symbol id="sm-4d9">
         <name>SysCtlPeripheralSleepDisable</name>
         <value>0x5d1</value>
         <object_component_ref idref="oc-15c"/>
      </symbol>
      <symbol id="sm-4da">
         <name>SysCtlVCOGet</name>
         <value>0x10a9</value>
         <object_component_ref idref="oc-15c"/>
      </symbol>
      <symbol id="sm-4db">
         <name>SysCtlResetBehaviorSet</name>
         <value>0x875</value>
         <object_component_ref idref="oc-15c"/>
      </symbol>
      <symbol id="sm-4dc">
         <name>SysCtlReset</name>
         <value>0x7c9</value>
         <object_component_ref idref="oc-15c"/>
      </symbol>
      <symbol id="sm-4dd">
         <name>SysCtlGPIOAHBDisable</name>
         <value>0x103b</value>
         <object_component_ref idref="oc-15c"/>
      </symbol>
      <symbol id="sm-4de">
         <name>SysCtlSRAMSizeGet</name>
         <value>0x32f</value>
         <object_component_ref idref="oc-15c"/>
      </symbol>
      <symbol id="sm-4df">
         <name>SysCtlClockGet</name>
         <value>0xd9d</value>
         <object_component_ref idref="oc-15c"/>
      </symbol>
      <symbol id="sm-4e0">
         <name>SysCtlPeripheralDisable</name>
         <value>0x549</value>
         <object_component_ref idref="oc-15c"/>
      </symbol>
      <symbol id="sm-4e1">
         <name>SysCtlPWMClockSet</name>
         <value>0xfef</value>
         <object_component_ref idref="oc-15c"/>
      </symbol>
      <symbol id="sm-4e2">
         <name>SysCtlUSBPLLEnable</name>
         <value>0x1057</value>
         <object_component_ref idref="oc-15c"/>
      </symbol>
      <symbol id="sm-4e3">
         <name>SysCtlPeripheralSleepEnable</name>
         <value>0x58d</value>
         <object_component_ref idref="oc-15c"/>
      </symbol>
      <symbol id="sm-4e4">
         <name>SysCtlIntUnregister</name>
         <value>0x711</value>
         <object_component_ref idref="oc-15c"/>
      </symbol>
      <symbol id="sm-4e5">
         <name>SysCtlUSBPLLDisable</name>
         <value>0x1063</value>
         <object_component_ref idref="oc-15c"/>
      </symbol>
      <symbol id="sm-4e6">
         <name>SysCtlPeripheralReady</name>
         <value>0x3cd</value>
         <object_component_ref idref="oc-15c"/>
      </symbol>
      <symbol id="sm-4e7">
         <name>SysCtlPIOSCCalibrate</name>
         <value>0x825</value>
         <object_component_ref idref="oc-15c"/>
      </symbol>
      <symbol id="sm-4e8">
         <name>SysCtlResetCauseClear</name>
         <value>0x7fb</value>
         <object_component_ref idref="oc-15c"/>
      </symbol>
      <symbol id="sm-4e9">
         <name>SysCtlLDOSleepGet</name>
         <value>0x789</value>
         <object_component_ref idref="oc-15c"/>
      </symbol>
      <symbol id="sm-4ea">
         <name>SysCtlClockFreqSet</name>
         <value>0x8d5</value>
         <object_component_ref idref="oc-15c"/>
      </symbol>
      <symbol id="sm-4eb">
         <name>SysCtlPeripheralReset</name>
         <value>0x485</value>
         <object_component_ref idref="oc-15c"/>
      </symbol>
      <symbol id="sm-571">
         <name>TimerMatchSet</name>
         <value>0x2ac9</value>
         <object_component_ref idref="oc-19e"/>
      </symbol>
      <symbol id="sm-572">
         <name>TimerLoadSet</name>
         <value>0x29e5</value>
         <object_component_ref idref="oc-19e"/>
      </symbol>
      <symbol id="sm-573">
         <name>TimerDMAEventSet</name>
         <value>0x2c37</value>
         <object_component_ref idref="oc-19e"/>
      </symbol>
      <symbol id="sm-574">
         <name>TimerADCEventSet</name>
         <value>0x2c17</value>
         <object_component_ref idref="oc-19e"/>
      </symbol>
      <symbol id="sm-575">
         <name>TimerPrescaleMatchGet</name>
         <value>0x29c9</value>
         <object_component_ref idref="oc-19e"/>
      </symbol>
      <symbol id="sm-576">
         <name>TimerPrescaleGet</name>
         <value>0x297f</value>
         <object_component_ref idref="oc-19e"/>
      </symbol>
      <symbol id="sm-577">
         <name>TimerControlLevel</name>
         <value>0x2783</value>
         <object_component_ref idref="oc-19e"/>
      </symbol>
      <symbol id="sm-578">
         <name>TimerDisable</name>
         <value>0x26e9</value>
         <object_component_ref idref="oc-19e"/>
      </symbol>
      <symbol id="sm-579">
         <name>TimerUpdateMode</name>
         <value>0x2c57</value>
         <object_component_ref idref="oc-19e"/>
      </symbol>
      <symbol id="sm-57a">
         <name>TimerIntRegister</name>
         <value>0x2b5f</value>
         <object_component_ref idref="oc-19e"/>
      </symbol>
      <symbol id="sm-57b">
         <name>TimerMatchSet64</name>
         <value>0x2b0f</value>
         <object_component_ref idref="oc-19e"/>
      </symbol>
      <symbol id="sm-57c">
         <name>TimerEnable</name>
         <value>0x26cb</value>
         <object_component_ref idref="oc-19e"/>
      </symbol>
      <symbol id="sm-57d">
         <name>TimerLoadGet64</name>
         <value>0x2a49</value>
         <object_component_ref idref="oc-19e"/>
      </symbol>
      <symbol id="sm-57e">
         <name>TimerIntUnregister</name>
         <value>0x2b87</value>
         <object_component_ref idref="oc-19e"/>
      </symbol>
      <symbol id="sm-57f">
         <name>TimerValueGet64</name>
         <value>0x2a97</value>
         <object_component_ref idref="oc-19e"/>
      </symbol>
      <symbol id="sm-580">
         <name>TimerMatchGet</name>
         <value>0x2af3</value>
         <object_component_ref idref="oc-19e"/>
      </symbol>
      <symbol id="sm-581">
         <name>TimerIntStatus</name>
         <value>0x2bd5</value>
         <object_component_ref idref="oc-19e"/>
      </symbol>
      <symbol id="sm-582">
         <name>TimerClockSourceGet</name>
         <value>0x2945</value>
         <object_component_ref idref="oc-19e"/>
      </symbol>
      <symbol id="sm-583">
         <name>TimerIntDisable</name>
         <value>0x2bbd</value>
         <object_component_ref idref="oc-19e"/>
      </symbol>
      <symbol id="sm-584">
         <name>TimerValueGet</name>
         <value>0x2a7b</value>
         <object_component_ref idref="oc-19e"/>
      </symbol>
      <symbol id="sm-585">
         <name>TimerControlTrigger</name>
         <value>0x27b9</value>
         <object_component_ref idref="oc-19e"/>
      </symbol>
      <symbol id="sm-586">
         <name>TimerPrescaleSet</name>
         <value>0x2955</value>
         <object_component_ref idref="oc-19e"/>
      </symbol>
      <symbol id="sm-587">
         <name>TimerControlStall</name>
         <value>0x2851</value>
         <object_component_ref idref="oc-19e"/>
      </symbol>
      <symbol id="sm-588">
         <name>TimerMatchGet64</name>
         <value>0x2b2d</value>
         <object_component_ref idref="oc-19e"/>
      </symbol>
      <symbol id="sm-589">
         <name>TimerRTCEnable</name>
         <value>0x28e7</value>
         <object_component_ref idref="oc-19e"/>
      </symbol>
      <symbol id="sm-58a">
         <name>TimerLoadGet</name>
         <value>0x2a0f</value>
         <object_component_ref idref="oc-19e"/>
      </symbol>
      <symbol id="sm-58b">
         <name>TimerIntEnable</name>
         <value>0x2ba5</value>
         <object_component_ref idref="oc-19e"/>
      </symbol>
      <symbol id="sm-58c">
         <name>TimerClockSourceSet</name>
         <value>0x2929</value>
         <object_component_ref idref="oc-19e"/>
      </symbol>
      <symbol id="sm-58d">
         <name>TimerLoadSet64</name>
         <value>0x2a2b</value>
         <object_component_ref idref="oc-19e"/>
      </symbol>
      <symbol id="sm-58e">
         <name>TimerDMAEventGet</name>
         <value>0x2c49</value>
         <object_component_ref idref="oc-19e"/>
      </symbol>
      <symbol id="sm-58f">
         <name>TimerRTCDisable</name>
         <value>0x28fd</value>
         <object_component_ref idref="oc-19e"/>
      </symbol>
      <symbol id="sm-590">
         <name>TimerADCEventGet</name>
         <value>0x2c29</value>
         <object_component_ref idref="oc-19e"/>
      </symbol>
      <symbol id="sm-591">
         <name>TimerPrescaleMatchSet</name>
         <value>0x299b</value>
         <object_component_ref idref="oc-19e"/>
      </symbol>
      <symbol id="sm-592">
         <name>TimerControlWaitOnTrigger</name>
         <value>0x2887</value>
         <object_component_ref idref="oc-19e"/>
      </symbol>
      <symbol id="sm-593">
         <name>TimerConfigure</name>
         <value>0x2707</value>
         <object_component_ref idref="oc-19e"/>
      </symbol>
      <symbol id="sm-594">
         <name>TimerControlEvent</name>
         <value>0x2827</value>
         <object_component_ref idref="oc-19e"/>
      </symbol>
      <symbol id="sm-595">
         <name>TimerIntClear</name>
         <value>0x2bf3</value>
         <object_component_ref idref="oc-19e"/>
      </symbol>
      <symbol id="sm-596">
         <name>TimerSynchronize</name>
         <value>0x2c05</value>
         <object_component_ref idref="oc-19e"/>
      </symbol>
      <symbol id="sm-5ab">
         <name>_c_int00</name>
         <value>0x3981</value>
         <object_component_ref idref="oc-24"/>
      </symbol>
      <symbol id="sm-5ac">
         <name>__stack</name>
         <value>0x2000026c</value>
         <object_component_ref idref="oc-2a"/>
      </symbol>
      <symbol id="sm-5ca">
         <name>__TI_decompress_lzss</name>
         <value>0x3919</value>
         <object_component_ref idref="oc-12"/>
      </symbol>
      <symbol id="sm-5e1">
         <name>__TI_decompress_none</name>
         <value>0x3b45</value>
         <object_component_ref idref="oc-18"/>
      </symbol>
      <symbol id="sm-5f8">
         <name>__TI_zero_init</name>
         <value>0x3b53</value>
         <object_component_ref idref="oc-1e"/>
      </symbol>
      <symbol id="sm-619">
         <name>C$$EXIT</name>
         <value>0x39d5</value>
         <object_component_ref idref="oc-75"/>
      </symbol>
      <symbol id="sm-61a">
         <name>abort</name>
         <value>0x39d9</value>
         <object_component_ref idref="oc-75"/>
      </symbol>
      <symbol id="sm-61b">
         <name>exit</name>
         <value>0x39e1</value>
         <object_component_ref idref="oc-75"/>
      </symbol>
      <symbol id="sm-61c">
         <name>__TI_dtors_ptr</name>
         <value>0x20000490</value>
         <object_component_ref idref="oc-c6"/>
      </symbol>
      <symbol id="sm-61d">
         <name>__TI_cleanup_ptr</name>
         <value>0x2000048c</value>
         <object_component_ref idref="oc-c6"/>
      </symbol>
      <symbol id="sm-61e">
         <name>__TI_enable_exit_profile_output</name>
         <value>0x20000494</value>
         <object_component_ref idref="oc-c6"/>
      </symbol>
      <symbol id="sm-632">
         <name>__aeabi_ddiv</name>
         <value>0x31d5</value>
         <object_component_ref idref="oc-1ae"/>
      </symbol>
      <symbol id="sm-63d">
         <name>__aeabi_dmul</name>
         <value>0x3541</value>
         <object_component_ref idref="oc-1a9"/>
      </symbol>
      <symbol id="sm-647">
         <name>__aeabi_d2uiz</name>
         <value>0x3a75</value>
         <object_component_ref idref="oc-1b3"/>
      </symbol>
      <symbol id="sm-662">
         <name>memcpy</name>
         <value>0x36f9</value>
         <object_component_ref idref="oc-45"/>
      </symbol>
      <symbol id="sm-663">
         <name>__aeabi_memcpy</name>
         <value>0x36f9</value>
         <object_component_ref idref="oc-45"/>
      </symbol>
      <symbol id="sm-664">
         <name>__aeabi_memcpy8</name>
         <value>0x36f9</value>
         <object_component_ref idref="oc-45"/>
      </symbol>
      <symbol id="sm-665">
         <name>__aeabi_memcpy4</name>
         <value>0x36f9</value>
         <object_component_ref idref="oc-45"/>
      </symbol>
      <symbol id="sm-674">
         <name>__aeabi_memset</name>
         <value>0x382f</value>
         <object_component_ref idref="oc-51"/>
      </symbol>
      <symbol id="sm-675">
         <name>memset</name>
         <value>0x3835</value>
         <object_component_ref idref="oc-51"/>
      </symbol>
      <symbol id="sm-676">
         <name>__aeabi_memset8</name>
         <value>0x382f</value>
         <object_component_ref idref="oc-51"/>
      </symbol>
      <symbol id="sm-677">
         <name>__aeabi_memset4</name>
         <value>0x382f</value>
         <object_component_ref idref="oc-51"/>
      </symbol>
      <symbol id="sm-678">
         <name>__aeabi_memclr8</name>
         <value>0x382d</value>
         <object_component_ref idref="oc-51"/>
      </symbol>
      <symbol id="sm-679">
         <name>__aeabi_memclr4</name>
         <value>0x382d</value>
         <object_component_ref idref="oc-51"/>
      </symbol>
      <symbol id="sm-67a">
         <name>__aeabi_memclr</name>
         <value>0x382d</value>
         <object_component_ref idref="oc-51"/>
      </symbol>
      <symbol id="sm-684">
         <name>__mpu_init</name>
         <value>0x2cab</value>
         <object_component_ref idref="oc-5d"/>
      </symbol>
      <symbol id="sm-68e">
         <name>_system_pre_init</name>
         <value>0x3b7d</value>
         <object_component_ref idref="oc-63"/>
      </symbol>
      <symbol id="sm-696">
         <name>main_func_sp</name>
         <value>0x200004c4</value>
         <object_component_ref idref="oc-7b"/>
      </symbol>
      <symbol id="sm-6a0">
         <name>__aeabi_ui2d</name>
         <value>0x3af7</value>
         <object_component_ref idref="oc-1a4"/>
      </symbol>
      <symbol id="sm-6b9">
         <name>_nop</name>
         <value>0x3b3f</value>
         <object_component_ref idref="oc-119"/>
      </symbol>
      <symbol id="sm-6ba">
         <name>_lock</name>
         <value>0x20000498</value>
         <object_component_ref idref="oc-c9"/>
      </symbol>
      <symbol id="sm-6bb">
         <name>_unlock</name>
         <value>0x2000049c</value>
         <object_component_ref idref="oc-c9"/>
      </symbol>
      <symbol id="sm-6bc">
         <name>_register_lock</name>
         <value>0x3b37</value>
         <object_component_ref idref="oc-119"/>
      </symbol>
      <symbol id="sm-6bd">
         <name>_register_unlock</name>
         <value>0x3b31</value>
         <object_component_ref idref="oc-119"/>
      </symbol>
      <symbol id="sm-6d1">
         <name>_args_main</name>
         <value>0x3b19</value>
         <object_component_ref idref="oc-6f"/>
      </symbol>
      <symbol id="sm-6fb">
         <name>__TI_auto_init</name>
         <value>0x38a9</value>
         <object_component_ref idref="oc-69"/>
      </symbol>
      <symbol id="sm-715">
         <name>copy_in</name>
         <value>0x3a29</value>
         <object_component_ref idref="oc-b0"/>
      </symbol>
      <symbol id="sm-71f">
         <name>_system_post_cinit</name>
         <value>0x330b</value>
         <object_component_ref idref="oc-b6"/>
      </symbol>
      <symbol id="sm-720">
         <name>__TI_static_base__</name>
         <value>0x0</value>
      </symbol>
      <symbol id="sm-723">
         <name>SHT$$INIT_ARRAY$$Limit</name>
         <value>0x0</value>
      </symbol>
      <symbol id="sm-724">
         <name>SHT$$INIT_ARRAY$$Base</name>
         <value>0x0</value>
      </symbol>
   </symbol_table>
   <title>Link successful</title>
</link_info>
